Archive member included to satisfy reference by file (symbol)

e:/clion_stm32_windows/gcc-arm-none-eabi/bin/../lib/gcc/arm-none-eabi/9.3.1/../../../../arm-none-eabi/lib/thumb/v7-m/nofp\libg.a(lib_a-errno.o)
                              CMakeFiles/Smart_home.elf.dir/Core/Src/syscalls.c.obj (__errno)
e:/clion_stm32_windows/gcc-arm-none-eabi/bin/../lib/gcc/arm-none-eabi/9.3.1/../../../../arm-none-eabi/lib/thumb/v7-m/nofp\libg.a(lib_a-exit.o)
                              e:/clion_stm32_windows/gcc-arm-none-eabi/bin/../lib/gcc/arm-none-eabi/9.3.1/../../../../arm-none-eabi/lib/thumb/v7-m/nofp/crt0.o (exit)
e:/clion_stm32_windows/gcc-arm-none-eabi/bin/../lib/gcc/arm-none-eabi/9.3.1/../../../../arm-none-eabi/lib/thumb/v7-m/nofp\libg.a(lib_a-impure.o)
                              e:/clion_stm32_windows/gcc-arm-none-eabi/bin/../lib/gcc/arm-none-eabi/9.3.1/../../../../arm-none-eabi/lib/thumb/v7-m/nofp\libg.a(lib_a-exit.o) (_global_impure_ptr)
e:/clion_stm32_windows/gcc-arm-none-eabi/bin/../lib/gcc/arm-none-eabi/9.3.1/../../../../arm-none-eabi/lib/thumb/v7-m/nofp\libg.a(lib_a-init.o)
                              e:/clion_stm32_windows/gcc-arm-none-eabi/bin/../lib/gcc/arm-none-eabi/9.3.1/../../../../arm-none-eabi/lib/thumb/v7-m/nofp/crt0.o (__libc_init_array)
e:/clion_stm32_windows/gcc-arm-none-eabi/bin/../lib/gcc/arm-none-eabi/9.3.1/../../../../arm-none-eabi/lib/thumb/v7-m/nofp\libg.a(lib_a-memset.o)
                              e:/clion_stm32_windows/gcc-arm-none-eabi/bin/../lib/gcc/arm-none-eabi/9.3.1/../../../../arm-none-eabi/lib/thumb/v7-m/nofp/crt0.o (memset)
e:/clion_stm32_windows/gcc-arm-none-eabi/bin/../lib/gcc/arm-none-eabi/9.3.1/../../../../arm-none-eabi/lib/thumb/v7-m/nofp\libg.a(lib_a-__call_atexit.o)
                              e:/clion_stm32_windows/gcc-arm-none-eabi/bin/../lib/gcc/arm-none-eabi/9.3.1/../../../../arm-none-eabi/lib/thumb/v7-m/nofp\libg.a(lib_a-exit.o) (__call_exitprocs)
e:/clion_stm32_windows/gcc-arm-none-eabi/bin/../lib/gcc/arm-none-eabi/9.3.1/../../../../arm-none-eabi/lib/thumb/v7-m/nofp\libg.a(lib_a-atexit.o)
                              e:/clion_stm32_windows/gcc-arm-none-eabi/bin/../lib/gcc/arm-none-eabi/9.3.1/../../../../arm-none-eabi/lib/thumb/v7-m/nofp\libg.a(lib_a-__call_atexit.o) (atexit)
e:/clion_stm32_windows/gcc-arm-none-eabi/bin/../lib/gcc/arm-none-eabi/9.3.1/../../../../arm-none-eabi/lib/thumb/v7-m/nofp\libg.a(lib_a-fini.o)
                              e:/clion_stm32_windows/gcc-arm-none-eabi/bin/../lib/gcc/arm-none-eabi/9.3.1/../../../../arm-none-eabi/lib/thumb/v7-m/nofp\libg.a(lib_a-__call_atexit.o) (__libc_fini_array)
e:/clion_stm32_windows/gcc-arm-none-eabi/bin/../lib/gcc/arm-none-eabi/9.3.1/../../../../arm-none-eabi/lib/thumb/v7-m/nofp\libg.a(lib_a-lock.o)
                              e:/clion_stm32_windows/gcc-arm-none-eabi/bin/../lib/gcc/arm-none-eabi/9.3.1/../../../../arm-none-eabi/lib/thumb/v7-m/nofp\libg.a(lib_a-__call_atexit.o) (__retarget_lock_acquire_recursive)
e:/clion_stm32_windows/gcc-arm-none-eabi/bin/../lib/gcc/arm-none-eabi/9.3.1/../../../../arm-none-eabi/lib/thumb/v7-m/nofp\libg.a(lib_a-__atexit.o)
                              e:/clion_stm32_windows/gcc-arm-none-eabi/bin/../lib/gcc/arm-none-eabi/9.3.1/../../../../arm-none-eabi/lib/thumb/v7-m/nofp\libg.a(lib_a-atexit.o) (__register_exitproc)

Allocating common symbols
Common symbol       size              file

__lock___atexit_recursive_mutex
                    0x1               e:/clion_stm32_windows/gcc-arm-none-eabi/bin/../lib/gcc/arm-none-eabi/9.3.1/../../../../arm-none-eabi/lib/thumb/v7-m/nofp\libg.a(lib_a-lock.o)
__lock___arc4random_mutex
                    0x1               e:/clion_stm32_windows/gcc-arm-none-eabi/bin/../lib/gcc/arm-none-eabi/9.3.1/../../../../arm-none-eabi/lib/thumb/v7-m/nofp\libg.a(lib_a-lock.o)
__lock___env_recursive_mutex
                    0x1               e:/clion_stm32_windows/gcc-arm-none-eabi/bin/../lib/gcc/arm-none-eabi/9.3.1/../../../../arm-none-eabi/lib/thumb/v7-m/nofp\libg.a(lib_a-lock.o)
__lock___sinit_recursive_mutex
                    0x1               e:/clion_stm32_windows/gcc-arm-none-eabi/bin/../lib/gcc/arm-none-eabi/9.3.1/../../../../arm-none-eabi/lib/thumb/v7-m/nofp\libg.a(lib_a-lock.o)
__lock___malloc_recursive_mutex
                    0x1               e:/clion_stm32_windows/gcc-arm-none-eabi/bin/../lib/gcc/arm-none-eabi/9.3.1/../../../../arm-none-eabi/lib/thumb/v7-m/nofp\libg.a(lib_a-lock.o)
__lock___at_quick_exit_mutex
                    0x1               e:/clion_stm32_windows/gcc-arm-none-eabi/bin/../lib/gcc/arm-none-eabi/9.3.1/../../../../arm-none-eabi/lib/thumb/v7-m/nofp\libg.a(lib_a-lock.o)
__lock___dd_hash_mutex
                    0x1               e:/clion_stm32_windows/gcc-arm-none-eabi/bin/../lib/gcc/arm-none-eabi/9.3.1/../../../../arm-none-eabi/lib/thumb/v7-m/nofp\libg.a(lib_a-lock.o)
[...]
Memory Configuration

Name             Origin             Length             Attributes
RAM              0x20000000         0x00005000         xrw
FLASH            0x08000000         0x00010000         xr
*default*        0x00000000         0xffffffff

Linker script and memory map

LOAD e:/clion_stm32_windows/gcc-arm-none-eabi/bin/../lib/gcc/arm-none-eabi/9.3.1/thumb/v7-m/nofp/crti.o
LOAD e:/clion_stm32_windows/gcc-arm-none-eabi/bin/../lib/gcc/arm-none-eabi/9.3.1/thumb/v7-m/nofp/crtbegin.o
LOAD e:/clion_stm32_windows/gcc-arm-none-eabi/bin/../lib/gcc/arm-none-eabi/9.3.1/../../../../arm-none-eabi/lib/thumb/v7-m/nofp/crt0.o
LOAD CMakeFiles/Smart_home.elf.dir/Core/Src/dht11.c.obj
LOAD CMakeFiles/Smart_home.elf.dir/Core/Src/gpio.c.obj
LOAD CMakeFiles/Smart_home.elf.dir/Core/Src/i2c.c.obj
LOAD CMakeFiles/Smart_home.elf.dir/Core/Src/main.c.obj
LOAD CMakeFiles/Smart_home.elf.dir/Core/Src/oled.c.obj
LOAD CMakeFiles/Smart_home.elf.dir/Core/Src/stm32f1xx_hal_msp.c.obj
LOAD CMakeFiles/Smart_home.elf.dir/Core/Src/stm32f1xx_it.c.obj
LOAD CMakeFiles/Smart_home.elf.dir/Core/Src/syscalls.c.obj
LOAD CMakeFiles/Smart_home.elf.dir/Core/Src/system_stm32f1xx.c.obj
LOAD CMakeFiles/Smart_home.elf.dir/Core/Src/tim.c.obj
LOAD CMakeFiles/Smart_home.elf.dir/Drivers/STM32F1xx_HAL_Driver/Src/stm32f1xx_hal.c.obj
LOAD CMakeFiles/Smart_home.elf.dir/Drivers/STM32F1xx_HAL_Driver/Src/stm32f1xx_hal_cortex.c.obj
LOAD CMakeFiles/Smart_home.elf.dir/Drivers/STM32F1xx_HAL_Driver/Src/stm32f1xx_hal_dma.c.obj
LOAD CMakeFiles/Smart_home.elf.dir/Drivers/STM32F1xx_HAL_Driver/Src/stm32f1xx_hal_exti.c.obj
LOAD CMakeFiles/Smart_home.elf.dir/Drivers/STM32F1xx_HAL_Driver/Src/stm32f1xx_hal_flash.c.obj
LOAD CMakeFiles/Smart_home.elf.dir/Drivers/STM32F1xx_HAL_Driver/Src/stm32f1xx_hal_flash_ex.c.obj
LOAD CMakeFiles/Smart_home.elf.dir/Drivers/STM32F1xx_HAL_Driver/Src/stm32f1xx_hal_gpio.c.obj
LOAD CMakeFiles/Smart_home.elf.dir/Drivers/STM32F1xx_HAL_Driver/Src/stm32f1xx_hal_gpio_ex.c.obj
LOAD CMakeFiles/Smart_home.elf.dir/Drivers/STM32F1xx_HAL_Driver/Src/stm32f1xx_hal_i2c.c.obj
LOAD CMakeFiles/Smart_home.elf.dir/Drivers/STM32F1xx_HAL_Driver/Src/stm32f1xx_hal_pwr.c.obj
LOAD CMakeFiles/Smart_home.elf.dir/Drivers/STM32F1xx_HAL_Driver/Src/stm32f1xx_hal_rcc.c.obj
LOAD CMakeFiles/Smart_home.elf.dir/Drivers/STM32F1xx_HAL_Driver/Src/stm32f1xx_hal_rcc_ex.c.obj
LOAD CMakeFiles/Smart_home.elf.dir/Drivers/STM32F1xx_HAL_Driver/Src/stm32f1xx_hal_tim.c.obj
LOAD CMakeFiles/Smart_home.elf.dir/Drivers/STM32F1xx_HAL_Driver/Src/stm32f1xx_hal_tim_ex.c.obj
LOAD CMakeFiles/Smart_home.elf.dir/startup/startup_stm32f103xb.s.obj
START GROUP
LOAD e:/clion_stm32_windows/gcc-arm-none-eabi/bin/../lib/gcc/arm-none-eabi/9.3.1/thumb/v7-m/nofp\libgcc.a
LOAD e:/clion_stm32_windows/gcc-arm-none-eabi/bin/../lib/gcc/arm-none-eabi/9.3.1/../../../../arm-none-eabi/lib/thumb/v7-m/nofp\libg.a
LOAD e:/clion_stm32_windows/gcc-arm-none-eabi/bin/../lib/gcc/arm-none-eabi/9.3.1/../../../../arm-none-eabi/lib/thumb/v7-m/nofp\libc.a
END GROUP
LOAD e:/clion_stm32_windows/gcc-arm-none-eabi/bin/../lib/gcc/arm-none-eabi/9.3.1/thumb/v7-m/nofp/crtend.o
LOAD e:/clion_stm32_windows/gcc-arm-none-eabi/bin/../lib/gcc/arm-none-eabi/9.3.1/thumb/v7-m/nofp/crtn.o
                0x20005000                _estack = 0x20005000
                0x00000200                _Min_Heap_Size = 0x200
                0x00000400                _Min_Stack_Size = 0x400

.isr_vector     0x08000000      0x10c
                0x08000000                . = ALIGN (0x4)
 *(.isr_vector)
 .isr_vector    0x08000000      0x10c CMakeFiles/Smart_home.elf.dir/startup/startup_stm32f103xb.s.obj
                0x08000000                g_pfnVectors
                0x0800010c                . = ALIGN (0x4)

.text           0x0800010c     0x21e4
                0x0800010c                . = ALIGN (0x4)
 *(.text)
 .text          0x0800010c       0x40 e:/clion_stm32_windows/gcc-arm-none-eabi/bin/../lib/gcc/arm-none-eabi/9.3.1/thumb/v7-m/nofp/crtbegin.o
 *(.text*)
 .text.Delay_us
                0x0800014c       0x34 CMakeFiles/Smart_home.elf.dir/Core/Src/dht11.c.obj
                0x0800014c                Delay_us
 .text.DHT_GPIO_SET_OUTPUT
                0x08000180       0x24 CMakeFiles/Smart_home.elf.dir/Core/Src/dht11.c.obj
                0x08000180                DHT_GPIO_SET_OUTPUT
 .text.DHT_GPIO_SET_INPUT
                0x080001a4       0x24 CMakeFiles/Smart_home.elf.dir/Core/Src/dht11.c.obj
                0x080001a4                DHT_GPIO_SET_INPUT
 .text.DHT_Read_Byte
                0x080001c8       0x74 CMakeFiles/Smart_home.elf.dir/Core/Src/dht11.c.obj
                0x080001c8                DHT_Read_Byte
 .text.DHT_Read
                0x0800023c       0xb8 CMakeFiles/Smart_home.elf.dir/Core/Src/dht11.c.obj
                0x0800023c                DHT_Read
 .text.MX_GPIO_Init
                0x080002f4       0x54 CMakeFiles/Smart_home.elf.dir/Core/Src/gpio.c.obj
                0x080002f4                MX_GPIO_Init
 .text.MX_I2C1_Init
                0x08000348       0x3c CMakeFiles/Smart_home.elf.dir/Core/Src/i2c.c.obj
                0x08000348                MX_I2C1_Init
 .text.HAL_I2C_MspInit
                0x08000384       0x64 CMakeFiles/Smart_home.elf.dir/Core/Src/i2c.c.obj
                0x08000384                HAL_I2C_MspInit
 .text.getDecimalDigits
                0x080003e8       0x18 CMakeFiles/Smart_home.elf.dir/Core/Src/main.c.obj
                0x080003e8                getDecimalDigits
 .text.dht_oled
                0x08000400      0x100 CMakeFiles/Smart_home.elf.dir/Core/Src/main.c.obj
                0x08000400                dht_oled
 .text.Error_Handler
                0x08000500        0x4 CMakeFiles/Smart_home.elf.dir/Core/Src/main.c.obj
                0x08000500                Error_Handler
 .text.SystemClock_Config
                0x08000504       0x62 CMakeFiles/Smart_home.elf.dir/Core/Src/main.c.obj
                0x08000504                SystemClock_Config
 *fill*         0x08000566        0x2 
 .text.main     0x08000568       0xe0 CMakeFiles/Smart_home.elf.dir/Core/Src/main.c.obj
                0x08000568                main
 .text.WriteCmd
                0x08000648       0x38 CMakeFiles/Smart_home.elf.dir/Core/Src/oled.c.obj
                0x08000648                WriteCmd
 .text.OLED_WR_CMD
                0x08000680       0x2c CMakeFiles/Smart_home.elf.dir/Core/Src/oled.c.obj
                0x08000680                OLED_WR_CMD
 .text.OLED_WR_DATA
                0x080006ac       0x2c CMakeFiles/Smart_home.elf.dir/Core/Src/oled.c.obj
                0x080006ac                OLED_WR_DATA
 .text.OLED_Init
                0x080006d8        0xe CMakeFiles/Smart_home.elf.dir/Core/Src/oled.c.obj
                0x080006d8                OLED_Init
 .text.OLED_Clear
                0x080006e6       0x3a CMakeFiles/Smart_home.elf.dir/Core/Src/oled.c.obj
                0x080006e6                OLED_Clear
 .text.OLED_Set_Pos
                0x08000720       0x22 CMakeFiles/Smart_home.elf.dir/Core/Src/oled.c.obj
                0x08000720                OLED_Set_Pos
 .text.oled_pow
                0x08000742       0x14 CMakeFiles/Smart_home.elf.dir/Core/Src/oled.c.obj
                0x08000742                oled_pow
 *fill*         0x08000756        0x2 
 .text.OLED_ShowChar
                0x08000758       0x90 CMakeFiles/Smart_home.elf.dir/Core/Src/oled.c.obj
                0x08000758                OLED_ShowChar
 .text.OLED_ShowNum
                0x080007e8       0x94 CMakeFiles/Smart_home.elf.dir/Core/Src/oled.c.obj
                0x080007e8                OLED_ShowNum
 .text.OLED_ShowCHinese
                0x0800087c       0x50 CMakeFiles/Smart_home.elf.dir/Core/Src/oled.c.obj
                0x0800087c                OLED_ShowCHinese
 .text.HAL_MspInit
                0x080008cc       0x44 CMakeFiles/Smart_home.elf.dir/Core/Src/stm32f1xx_hal_msp.c.obj
                0x080008cc                HAL_MspInit
 .text.NMI_Handler
                0x08000910        0x2 CMakeFiles/Smart_home.elf.dir/Core/Src/stm32f1xx_it.c.obj
                0x08000910                NMI_Handler
 .text.HardFault_Handler
                0x08000912        0x2 CMakeFiles/Smart_home.elf.dir/Core/Src/stm32f1xx_it.c.obj
                0x08000912                HardFault_Handler
 .text.MemManage_Handler
                0x08000914        0x2 CMakeFiles/Smart_home.elf.dir/Core/Src/stm32f1xx_it.c.obj
                0x08000914                MemManage_Handler
 .text.BusFault_Handler
                0x08000916        0x2 CMakeFiles/Smart_home.elf.dir/Core/Src/stm32f1xx_it.c.obj
                0x08000916                BusFault_Handler
 .text.UsageFault_Handler
                0x08000918        0x2 CMakeFiles/Smart_home.elf.dir/Core/Src/stm32f1xx_it.c.obj
                0x08000918                UsageFault_Handler
 .text.SVC_Handler
                0x0800091a        0x2 CMakeFiles/Smart_home.elf.dir/Core/Src/stm32f1xx_it.c.obj
                0x0800091a                SVC_Handler
 .text.DebugMon_Handler
                0x0800091c        0x2 CMakeFiles/Smart_home.elf.dir/Core/Src/stm32f1xx_it.c.obj
                0x0800091c                DebugMon_Handler
 .text.PendSV_Handler
                0x0800091e        0x2 CMakeFiles/Smart_home.elf.dir/Core/Src/stm32f1xx_it.c.obj
                0x0800091e                PendSV_Handler
 .text.SysTick_Handler
                0x08000920        0x8 CMakeFiles/Smart_home.elf.dir/Core/Src/stm32f1xx_it.c.obj
                0x08000920                SysTick_Handler
 .text.SystemInit
                0x08000928        0x2 CMakeFiles/Smart_home.elf.dir/Core/Src/system_stm32f1xx.c.obj
                0x08000928                SystemInit
 *fill*         0x0800092a        0x2 
 .text.MX_TIM1_Init
                0x0800092c       0x70 CMakeFiles/Smart_home.elf.dir/Core/Src/tim.c.obj
                0x0800092c                MX_TIM1_Init
 .text.HAL_TIM_Base_MspInit
                0x0800099c       0x4c CMakeFiles/Smart_home.elf.dir/Core/Src/tim.c.obj
                0x0800099c                HAL_TIM_Base_MspInit
 .text.HAL_TIM_MspPostInit
                0x080009e8       0x50 CMakeFiles/Smart_home.elf.dir/Core/Src/tim.c.obj
                0x080009e8                HAL_TIM_MspPostInit
 .text.MX_TIM3_Init
                0x08000a38       0xb0 CMakeFiles/Smart_home.elf.dir/Core/Src/tim.c.obj
                0x08000a38                MX_TIM3_Init
 .text.HAL_InitTick
                0x08000ae8       0x4c CMakeFiles/Smart_home.elf.dir/Drivers/STM32F1xx_HAL_Driver/Src/stm32f1xx_hal.c.obj
                0x08000ae8                HAL_InitTick
 .text.HAL_Init
                0x08000b34       0x24 CMakeFiles/Smart_home.elf.dir/Drivers/STM32F1xx_HAL_Driver/Src/stm32f1xx_hal.c.obj
                0x08000b34                HAL_Init
 .text.HAL_IncTick
                0x08000b58       0x18 CMakeFiles/Smart_home.elf.dir/Drivers/STM32F1xx_HAL_Driver/Src/stm32f1xx_hal.c.obj
                0x08000b58                HAL_IncTick
 .text.HAL_GetTick
                0x08000b70        0xc CMakeFiles/Smart_home.elf.dir/Drivers/STM32F1xx_HAL_Driver/Src/stm32f1xx_hal.c.obj
                0x08000b70                HAL_GetTick
 .text.HAL_Delay
                0x08000b7c       0x28 CMakeFiles/Smart_home.elf.dir/Drivers/STM32F1xx_HAL_Driver/Src/stm32f1xx_hal.c.obj
                0x08000b7c                HAL_Delay
 .text.HAL_NVIC_SetPriorityGrouping
                0x08000ba4       0x24 CMakeFiles/Smart_home.elf.dir/Drivers/STM32F1xx_HAL_Driver/Src/stm32f1xx_hal_cortex.c.obj
                0x08000ba4                HAL_NVIC_SetPriorityGrouping
 .text.HAL_NVIC_SetPriority
                0x08000bc8       0x68 CMakeFiles/Smart_home.elf.dir/Drivers/STM32F1xx_HAL_Driver/Src/stm32f1xx_hal_cortex.c.obj
                0x08000bc8                HAL_NVIC_SetPriority
 .text.HAL_SYSTICK_Config
                0x08000c30       0x2c CMakeFiles/Smart_home.elf.dir/Drivers/STM32F1xx_HAL_Driver/Src/stm32f1xx_hal_cortex.c.obj
                0x08000c30                HAL_SYSTICK_Config
 .text.HAL_GPIO_Init
                0x08000c5c      0x220 CMakeFiles/Smart_home.elf.dir/Drivers/STM32F1xx_HAL_Driver/Src/stm32f1xx_hal_gpio.c.obj
                0x08000c5c                HAL_GPIO_Init
 .text.HAL_GPIO_ReadPin
                0x08000e7c        0xe CMakeFiles/Smart_home.elf.dir/Drivers/STM32F1xx_HAL_Driver/Src/stm32f1xx_hal_gpio.c.obj
                0x08000e7c                HAL_GPIO_ReadPin
 .text.HAL_GPIO_WritePin
                0x08000e8a        0xc CMakeFiles/Smart_home.elf.dir/Drivers/STM32F1xx_HAL_Driver/Src/stm32f1xx_hal_gpio.c.obj
                0x08000e8a                HAL_GPIO_WritePin
 .text.I2C_IsAcknowledgeFailed
                0x08000e96       0x32 CMakeFiles/Smart_home.elf.dir/Drivers/STM32F1xx_HAL_Driver/Src/stm32f1xx_hal_i2c.c.obj
 .text.I2C_WaitOnFlagUntilTimeout
                0x08000ec8       0x74 CMakeFiles/Smart_home.elf.dir/Drivers/STM32F1xx_HAL_Driver/Src/stm32f1xx_hal_i2c.c.obj
 .text.I2C_WaitOnMasterAddressFlagUntilTimeout
                0x08000f3c       0xaa CMakeFiles/Smart_home.elf.dir/Drivers/STM32F1xx_HAL_Driver/Src/stm32f1xx_hal_i2c.c.obj
 .text.I2C_WaitOnTXEFlagUntilTimeout
                0x08000fe6       0x54 CMakeFiles/Smart_home.elf.dir/Drivers/STM32F1xx_HAL_Driver/Src/stm32f1xx_hal_i2c.c.obj
 *fill*         0x0800103a        0x2 
 .text.I2C_RequestMemoryWrite
                0x0800103c       0xd8 CMakeFiles/Smart_home.elf.dir/Drivers/STM32F1xx_HAL_Driver/Src/stm32f1xx_hal_i2c.c.obj
 .text.I2C_WaitOnBTFFlagUntilTimeout
                0x08001114       0x54 CMakeFiles/Smart_home.elf.dir/Drivers/STM32F1xx_HAL_Driver/Src/stm32f1xx_hal_i2c.c.obj
 .text.HAL_I2C_Init
                0x08001168      0x1bc CMakeFiles/Smart_home.elf.dir/Drivers/STM32F1xx_HAL_Driver/Src/stm32f1xx_hal_i2c.c.obj
                0x08001168                HAL_I2C_Init
 .text.HAL_I2C_Mem_Write
                0x08001324      0x164 CMakeFiles/Smart_home.elf.dir/Drivers/STM32F1xx_HAL_Driver/Src/stm32f1xx_hal_i2c.c.obj
                0x08001324                HAL_I2C_Mem_Write
 .text.RCC_Delay
                0x08001488       0x2c CMakeFiles/Smart_home.elf.dir/Drivers/STM32F1xx_HAL_Driver/Src/stm32f1xx_hal_rcc.c.obj
 .text.HAL_RCC_OscConfig
                0x080014b4      0x410 CMakeFiles/Smart_home.elf.dir/Drivers/STM32F1xx_HAL_Driver/Src/stm32f1xx_hal_rcc.c.obj
                0x080014b4                HAL_RCC_OscConfig
 .text.HAL_RCC_GetSysClockFreq
                0x080018c4       0x6c CMakeFiles/Smart_home.elf.dir/Drivers/STM32F1xx_HAL_Driver/Src/stm32f1xx_hal_rcc.c.obj
                0x080018c4                HAL_RCC_GetSysClockFreq
 .text.HAL_RCC_ClockConfig
                0x08001930      0x16c CMakeFiles/Smart_home.elf.dir/Drivers/STM32F1xx_HAL_Driver/Src/stm32f1xx_hal_rcc.c.obj
                0x08001930                HAL_RCC_ClockConfig
 .text.HAL_RCC_GetHCLKFreq
                0x08001a9c        0xc CMakeFiles/Smart_home.elf.dir/Drivers/STM32F1xx_HAL_Driver/Src/stm32f1xx_hal_rcc.c.obj
                0x08001a9c                HAL_RCC_GetHCLKFreq
 .text.HAL_RCC_GetPCLK1Freq
                0x08001aa8       0x20 CMakeFiles/Smart_home.elf.dir/Drivers/STM32F1xx_HAL_Driver/Src/stm32f1xx_hal_rcc.c.obj
                0x08001aa8                HAL_RCC_GetPCLK1Freq
 .text.TIM_OC1_SetConfig
                0x08001ac8       0x5c CMakeFiles/Smart_home.elf.dir/Drivers/STM32F1xx_HAL_Driver/Src/stm32f1xx_hal_tim.c.obj
 .text.TIM_OC3_SetConfig
                0x08001b24       0x64 CMakeFiles/Smart_home.elf.dir/Drivers/STM32F1xx_HAL_Driver/Src/stm32f1xx_hal_tim.c.obj
 .text.TIM_OC4_SetConfig
                0x08001b88       0x48 CMakeFiles/Smart_home.elf.dir/Drivers/STM32F1xx_HAL_Driver/Src/stm32f1xx_hal_tim.c.obj
 .text.TIM_TI1_ConfigInputStage
                0x08001bd0       0x24 CMakeFiles/Smart_home.elf.dir/Drivers/STM32F1xx_HAL_Driver/Src/stm32f1xx_hal_tim.c.obj
 .text.TIM_TI2_ConfigInputStage
                0x08001bf4       0x26 CMakeFiles/Smart_home.elf.dir/Drivers/STM32F1xx_HAL_Driver/Src/stm32f1xx_hal_tim.c.obj
 .text.TIM_ITRx_SetConfig
                0x08001c1a       0x10 CMakeFiles/Smart_home.elf.dir/Drivers/STM32F1xx_HAL_Driver/Src/stm32f1xx_hal_tim.c.obj
 *fill*         0x08001c2a        0x2 
 .text.HAL_TIM_Base_Start
                0x08001c2c       0x5c CMakeFiles/Smart_home.elf.dir/Drivers/STM32F1xx_HAL_Driver/Src/stm32f1xx_hal_tim.c.obj
                0x08001c2c                HAL_TIM_Base_Start
 .text.HAL_TIM_Base_Stop
                0x08001c88       0x28 CMakeFiles/Smart_home.elf.dir/Drivers/STM32F1xx_HAL_Driver/Src/stm32f1xx_hal_tim.c.obj
                0x08001c88                HAL_TIM_Base_Stop
 .text.HAL_TIM_PWM_MspInit
                0x08001cb0        0x2 CMakeFiles/Smart_home.elf.dir/Drivers/STM32F1xx_HAL_Driver/Src/stm32f1xx_hal_tim.c.obj
                0x08001cb0                HAL_TIM_PWM_MspInit
 *fill*         0x08001cb2        0x2 
 .text.TIM_Base_SetConfig
                0x08001cb4       0x74 CMakeFiles/Smart_home.elf.dir/Drivers/STM32F1xx_HAL_Driver/Src/stm32f1xx_hal_tim.c.obj
                0x08001cb4                TIM_Base_SetConfig
 .text.HAL_TIM_Base_Init
                0x08001d28       0x58 CMakeFiles/Smart_home.elf.dir/Drivers/STM32F1xx_HAL_Driver/Src/stm32f1xx_hal_tim.c.obj
                0x08001d28                HAL_TIM_Base_Init
 .text.HAL_TIM_PWM_Init
                0x08001d80       0x58 CMakeFiles/Smart_home.elf.dir/Drivers/STM32F1xx_HAL_Driver/Src/stm32f1xx_hal_tim.c.obj
                0x08001d80                HAL_TIM_PWM_Init
 .text.TIM_OC2_SetConfig
                0x08001dd8       0x64 CMakeFiles/Smart_home.elf.dir/Drivers/STM32F1xx_HAL_Driver/Src/stm32f1xx_hal_tim.c.obj
                0x08001dd8                TIM_OC2_SetConfig
 .text.HAL_TIM_PWM_ConfigChannel
                0x08001e3c       0xd0 CMakeFiles/Smart_home.elf.dir/Drivers/STM32F1xx_HAL_Driver/Src/stm32f1xx_hal_tim.c.obj
                0x08001e3c                HAL_TIM_PWM_ConfigChannel
 .text.TIM_ETR_SetConfig
                0x08001f0c       0x16 CMakeFiles/Smart_home.elf.dir/Drivers/STM32F1xx_HAL_Driver/Src/stm32f1xx_hal_tim.c.obj
                0x08001f0c                TIM_ETR_SetConfig
 .text.HAL_TIM_ConfigClockSource
                0x08001f22       0xda CMakeFiles/Smart_home.elf.dir/Drivers/STM32F1xx_HAL_Driver/Src/stm32f1xx_hal_tim.c.obj
                0x08001f22                HAL_TIM_ConfigClockSource
 .text.TIM_CCxChannelCmd
                0x08001ffc       0x22 CMakeFiles/Smart_home.elf.dir/Drivers/STM32F1xx_HAL_Driver/Src/stm32f1xx_hal_tim.c.obj
                0x08001ffc                TIM_CCxChannelCmd
 *fill*         0x0800201e        0x2 
 .text.HAL_TIM_PWM_Start
                0x08002020       0xdc CMakeFiles/Smart_home.elf.dir/Drivers/STM32F1xx_HAL_Driver/Src/stm32f1xx_hal_tim.c.obj
                0x08002020                HAL_TIM_PWM_Start
 .text.HAL_TIMEx_MasterConfigSynchronization
                0x080020fc       0x68 CMakeFiles/Smart_home.elf.dir/Drivers/STM32F1xx_HAL_Driver/Src/stm32f1xx_hal_tim_ex.c.obj
                0x080020fc                HAL_TIMEx_MasterConfigSynchronization
 .text.Reset_Handler
                0x08002164       0x48 CMakeFiles/Smart_home.elf.dir/startup/startup_stm32f103xb.s.obj
                0x08002164                Reset_Handler
 .text.Default_Handler
                0x080021ac        0x2 CMakeFiles/Smart_home.elf.dir/startup/startup_stm32f103xb.s.obj
                0x080021ac                RTC_Alarm_IRQHandler
                0x080021ac                EXTI2_IRQHandler
                0x080021ac                TIM1_CC_IRQHandler
                0x080021ac                PVD_IRQHandler
                0x080021ac                EXTI3_IRQHandler
                0x080021ac                EXTI0_IRQHandler
                0x080021ac                I2C2_EV_IRQHandler
                0x080021ac                ADC1_2_IRQHandler
                0x080021ac                SPI1_IRQHandler
                0x080021ac                TAMPER_IRQHandler
                0x080021ac                DMA1_Channel4_IRQHandler
                0x080021ac                USART3_IRQHandler
                0x080021ac                RTC_IRQHandler
                0x080021ac                DMA1_Channel7_IRQHandler
                0x080021ac                CAN1_RX1_IRQHandler
                0x080021ac                TIM4_IRQHandler
                0x080021ac                I2C1_EV_IRQHandler
                0x080021ac                DMA1_Channel6_IRQHandler
                0x080021ac                TIM3_IRQHandler
                0x080021ac                RCC_IRQHandler
                0x080021ac                TIM1_TRG_COM_IRQHandler
                0x080021ac                DMA1_Channel1_IRQHandler
                0x080021ac                Default_Handler
                0x080021ac                EXTI15_10_IRQHandler
                0x080021ac                EXTI9_5_IRQHandler
                0x080021ac                SPI2_IRQHandler
                0x080021ac                DMA1_Channel5_IRQHandler
                0x080021ac                EXTI4_IRQHandler
                0x080021ac                USB_LP_CAN1_RX0_IRQHandler
                0x080021ac                USB_HP_CAN1_TX_IRQHandler
                0x080021ac                DMA1_Channel3_IRQHandler
                0x080021ac                TIM1_UP_IRQHandler
                0x080021ac                WWDG_IRQHandler
                0x080021ac                TIM2_IRQHandler
                0x080021ac                TIM1_BRK_IRQHandler
                0x080021ac                EXTI1_IRQHandler
                0x080021ac                USART2_IRQHandler
                0x080021ac                I2C2_ER_IRQHandler
                0x080021ac                DMA1_Channel2_IRQHandler
                0x080021ac                CAN1_SCE_IRQHandler
                0x080021ac                FLASH_IRQHandler
                0x080021ac                USART1_IRQHandler
                0x080021ac                I2C1_ER_IRQHandler
                0x080021ac                USBWakeUp_IRQHandler
 *fill*         0x080021ae        0x2 
 .text.__libc_init_array
                0x080021b0       0x48 e:/clion_stm32_windows/gcc-arm-none-eabi/bin/../lib/gcc/arm-none-eabi/9.3.1/../../../../arm-none-eabi/lib/thumb/v7-m/nofp\libg.a(lib_a-init.o)
                0x080021b0                __libc_init_array
 .text.startup.register_fini
                0x080021f8       0x14 e:/clion_stm32_windows/gcc-arm-none-eabi/bin/../lib/gcc/arm-none-eabi/9.3.1/../../../../arm-none-eabi/lib/thumb/v7-m/nofp\libg.a(lib_a-__call_atexit.o)
 .text.atexit   0x0800220c        0xc e:/clion_stm32_windows/gcc-arm-none-eabi/bin/../lib/gcc/arm-none-eabi/9.3.1/../../../../arm-none-eabi/lib/thumb/v7-m/nofp\libg.a(lib_a-atexit.o)
                0x0800220c                atexit
 .text.__libc_fini_array
                0x08002218       0x2c e:/clion_stm32_windows/gcc-arm-none-eabi/bin/../lib/gcc/arm-none-eabi/9.3.1/../../../../arm-none-eabi/lib/thumb/v7-m/nofp\libg.a(lib_a-fini.o)
                0x08002218                __libc_fini_array
 .text.__retarget_lock_acquire_recursive
                0x08002244        0x4 e:/clion_stm32_windows/gcc-arm-none-eabi/bin/../lib/gcc/arm-none-eabi/9.3.1/../../../../arm-none-eabi/lib/thumb/v7-m/nofp\libg.a(lib_a-lock.o)
                0x08002244                __retarget_lock_acquire_recursive
 .text.__retarget_lock_release_recursive
                0x08002248        0x4 e:/clion_stm32_windows/gcc-arm-none-eabi/bin/../lib/gcc/arm-none-eabi/9.3.1/../../../../arm-none-eabi/lib/thumb/v7-m/nofp\libg.a(lib_a-lock.o)
                0x08002248                __retarget_lock_release_recursive
 .text.__register_exitproc
                0x0800224c       0x8c e:/clion_stm32_windows/gcc-arm-none-eabi/bin/../lib/gcc/arm-none-eabi/9.3.1/../../../../arm-none-eabi/lib/thumb/v7-m/nofp\libg.a(lib_a-__atexit.o)
                0x0800224c                __register_exitproc
 *(.glue_7)
 .glue_7        0x080022d8        0x0 linker stubs
 *(.glue_7t)
 .glue_7t       0x080022d8        0x0 linker stubs
 *(.eh_frame)
 .eh_frame      0x080022d8        0x0 e:/clion_stm32_windows/gcc-arm-none-eabi/bin/../lib/gcc/arm-none-eabi/9.3.1/thumb/v7-m/nofp/crtbegin.o
 *(.init)
 .init          0x080022d8        0x4 e:/clion_stm32_windows/gcc-arm-none-eabi/bin/../lib/gcc/arm-none-eabi/9.3.1/thumb/v7-m/nofp/crti.o
                0x080022d8                _init
 .init          0x080022dc        0x8 e:/clion_stm32_windows/gcc-arm-none-eabi/bin/../lib/gcc/arm-none-eabi/9.3.1/thumb/v7-m/nofp/crtn.o
 *(.fini)
 .fini          0x080022e4        0x4 e:/clion_stm32_windows/gcc-arm-none-eabi/bin/../lib/gcc/arm-none-eabi/9.3.1/thumb/v7-m/nofp/crti.o
                0x080022e4                _fini
 .fini          0x080022e8        0x8 e:/clion_stm32_windows/gcc-arm-none-eabi/bin/../lib/gcc/arm-none-eabi/9.3.1/thumb/v7-m/nofp/crtn.o
                0x080022f0                . = ALIGN (0x4)
                0x080022f0                _etext = .

.vfp11_veneer   0x080022f0        0x0
 .vfp11_veneer  0x080022f0        0x0 linker stubs

.v4_bx          0x080022f0        0x0
 .v4_bx         0x080022f0        0x0 linker stubs

.iplt           0x080022f0        0x0
 .iplt          0x080022f0        0x0 e:/clion_stm32_windows/gcc-arm-none-eabi/bin/../lib/gcc/arm-none-eabi/9.3.1/thumb/v7-m/nofp/crtbegin.o

.rodata         0x080022f0      0xaf8
                0x080022f0                . = ALIGN (0x4)
 *(.rodata)
 *(.rodata*)
 .rodata.F6x8   0x080022f0      0x228 CMakeFiles/Smart_home.elf.dir/Core/Src/oled.c.obj
                0x080022f0                F6x8
 .rodata.F8X16  0x08002518      0x5e0 CMakeFiles/Smart_home.elf.dir/Core/Src/oled.c.obj
                0x08002518                F8X16
 .rodata.Hzk    0x08002af8      0x2c0 CMakeFiles/Smart_home.elf.dir/Core/Src/oled.c.obj
                0x08002af8                Hzk
 .rodata.AHBPrescTable
                0x08002db8       0x10 CMakeFiles/Smart_home.elf.dir/Core/Src/system_stm32f1xx.c.obj
                0x08002db8                AHBPrescTable
 .rodata.APBPrescTable
                0x08002dc8        0x8 CMakeFiles/Smart_home.elf.dir/Core/Src/system_stm32f1xx.c.obj
                0x08002dc8                APBPrescTable
 .rodata.HAL_RCC_GetSysClockFreq.str1.4
                0x08002dd0       0x11 CMakeFiles/Smart_home.elf.dir/Drivers/STM32F1xx_HAL_Driver/Src/stm32f1xx_hal_rcc.c.obj
 *fill*         0x08002de1        0x3 
 .rodata._global_impure_ptr
                0x08002de4        0x4 e:/clion_stm32_windows/gcc-arm-none-eabi/bin/../lib/gcc/arm-none-eabi/9.3.1/../../../../arm-none-eabi/lib/thumb/v7-m/nofp\libg.a(lib_a-impure.o)
                0x08002de4                _global_impure_ptr
                0x08002de8                . = ALIGN (0x4)

.rel.dyn        0x08002de8        0x0
 .rel.iplt      0x08002de8        0x0 e:/clion_stm32_windows/gcc-arm-none-eabi/bin/../lib/gcc/arm-none-eabi/9.3.1/thumb/v7-m/nofp/crtbegin.o

.ARM.extab
 *(.ARM.extab* .gnu.linkonce.armextab.*)

.ARM            0x08002de8        0x0
                0x08002de8                __exidx_start = .
 *(.ARM.exidx*)
                0x08002de8                __exidx_end = .

.preinit_array  0x08002de8        0x0
                0x08002de8                PROVIDE (__preinit_array_start = .)
 *(.preinit_array*)
                0x08002de8                PROVIDE (__preinit_array_end = .)

.init_array     0x08002de8        0x8
                0x08002de8                PROVIDE (__init_array_start = .)
 *(SORT_BY_NAME(.init_array.*))
 .init_array.00000
                0x08002de8        0x4 e:/clion_stm32_windows/gcc-arm-none-eabi/bin/../lib/gcc/arm-none-eabi/9.3.1/../../../../arm-none-eabi/lib/thumb/v7-m/nofp\libg.a(lib_a-__call_atexit.o)
 *(.init_array*)
 .init_array    0x08002dec        0x4 e:/clion_stm32_windows/gcc-arm-none-eabi/bin/../lib/gcc/arm-none-eabi/9.3.1/thumb/v7-m/nofp/crtbegin.o
                0x08002df0                PROVIDE (__init_array_end = .)

.fini_array     0x08002df0        0x4
                0x08002df0                PROVIDE (__fini_array_start = .)
 *(SORT_BY_NAME(.fini_array.*))
 *(.fini_array*)
 .fini_array    0x08002df0        0x4 e:/clion_stm32_windows/gcc-arm-none-eabi/bin/../lib/gcc/arm-none-eabi/9.3.1/thumb/v7-m/nofp/crtbegin.o
                0x08002df4                PROVIDE (__fini_array_end = .)
                0x08002df4                _sidata = LOADADDR (.data)

.data           0x20000000      0x454 load address 0x08002df4
                0x20000000                . = ALIGN (0x4)
                0x20000000                _sdata = .
 *(.data)
 *(.data*)
 .data.CMD_Data
                0x20000000       0x1b CMakeFiles/Smart_home.elf.dir/Core/Src/oled.c.obj
                0x20000000                CMD_Data
 *fill*         0x2000001b        0x1 
 .data.SystemCoreClock
                0x2000001c        0x4 CMakeFiles/Smart_home.elf.dir/Core/Src/system_stm32f1xx.c.obj
                0x2000001c                SystemCoreClock
 .data.uwTickFreq
                0x20000020        0x1 CMakeFiles/Smart_home.elf.dir/Drivers/STM32F1xx_HAL_Driver/Src/stm32f1xx_hal.c.obj
                0x20000020                uwTickFreq
 *fill*         0x20000021        0x3 
 .data.uwTickPrio
                0x20000024        0x4 CMakeFiles/Smart_home.elf.dir/Drivers/STM32F1xx_HAL_Driver/Src/stm32f1xx_hal.c.obj
                0x20000024                uwTickPrio
 .data.impure_data
                0x20000028      0x428 e:/clion_stm32_windows/gcc-arm-none-eabi/bin/../lib/gcc/arm-none-eabi/9.3.1/../../../../arm-none-eabi/lib/thumb/v7-m/nofp\libg.a(lib_a-impure.o)
 .data.__atexit_recursive_mutex
                0x20000450        0x4 e:/clion_stm32_windows/gcc-arm-none-eabi/bin/../lib/gcc/arm-none-eabi/9.3.1/../../../../arm-none-eabi/lib/thumb/v7-m/nofp\libg.a(lib_a-__call_atexit.o)
                0x20000450                __atexit_recursive_mutex
                0x20000454                . = ALIGN (0x4)
                0x20000454                _edata = .

.igot.plt       0x20000454        0x0 load address 0x08003248
 .igot.plt      0x20000454        0x0 e:/clion_stm32_windows/gcc-arm-none-eabi/bin/../lib/gcc/arm-none-eabi/9.3.1/thumb/v7-m/nofp/crtbegin.o
                0x20000454                . = ALIGN (0x4)

.bss            0x20000454      0x130 load address 0x08003248
                0x20000454                _sbss = .
                0x20000454                __bss_start__ = _sbss
 *(.bss)
 .bss           0x20000454       0x1c e:/clion_stm32_windows/gcc-arm-none-eabi/bin/../lib/gcc/arm-none-eabi/9.3.1/thumb/v7-m/nofp/crtbegin.o
 *(.bss*)
 .bss.Data      0x20000470        0x5 CMakeFiles/Smart_home.elf.dir/Core/Src/dht11.c.obj
                0x20000470                Data
 *fill*         0x20000475        0x3 
 .bss.hi2c1     0x20000478       0x54 CMakeFiles/Smart_home.elf.dir/Core/Src/i2c.c.obj
                0x20000478                hi2c1
 .bss.htim1     0x200004cc       0x48 CMakeFiles/Smart_home.elf.dir/Core/Src/tim.c.obj
                0x200004cc                htim1
 .bss.htim3     0x20000514       0x48 CMakeFiles/Smart_home.elf.dir/Core/Src/tim.c.obj
                0x20000514                htim3
 .bss.uwTick    0x2000055c        0x4 CMakeFiles/Smart_home.elf.dir/Drivers/STM32F1xx_HAL_Driver/Src/stm32f1xx_hal.c.obj
                0x2000055c                uwTick
 *(COMMON)
 COMMON         0x20000560       0x21 e:/clion_stm32_windows/gcc-arm-none-eabi/bin/../lib/gcc/arm-none-eabi/9.3.1/../../../../arm-none-eabi/lib/thumb/v7-m/nofp\libg.a(lib_a-lock.o)
                0x20000560                __lock___atexit_recursive_mutex
                0x20000564                __lock___arc4random_mutex
                0x20000568                __lock___env_recursive_mutex
                0x2000056c                __lock___sinit_recursive_mutex
                0x20000570                __lock___malloc_recursive_mutex
                0x20000574                __lock___at_quick_exit_mutex
                0x20000578                __lock___dd_hash_mutex
                0x2000057c                __lock___tz_mutex
                0x20000580                __lock___sfp_recursive_mutex
                0x20000584                . = ALIGN (0x4)
 *fill*         0x20000581        0x3 
                0x20000584                _ebss = .
                0x20000584                __bss_end__ = _ebss

._user_heap_stack
                0x20000584      0x604 load address 0x08003248
                0x20000588                . = ALIGN (0x8)
 *fill*         0x20000584        0x4 
                0x20000588                PROVIDE (end = .)
                [!provide]                PROVIDE (_end = .)
                0x20000788                . = (. + _Min_Heap_Size)
 *fill*         0x20000588      0x200 
                0x20000b88                . = (. + _Min_Stack_Size)
 *fill*         0x20000788      0x400 
                0x20000b88                . = ALIGN (0x8)

/DISCARD/
 libc.a(*)
 libm.a(*)
 libgcc.a(*)

.ARM.attributes
                0x00000000       0x29
 *(.ARM.attributes)
 .ARM.attributes
                0x00000000       0x1d e:/clion_stm32_windows/gcc-arm-none-eabi/bin/../lib/gcc/arm-none-eabi/9.3.1/thumb/v7-m/nofp/crti.o
 .ARM.attributes
                0x0000001d       0x2d e:/clion_stm32_windows/gcc-arm-none-eabi/bin/../lib/gcc/arm-none-eabi/9.3.1/thumb/v7-m/nofp/crtbegin.o
 .ARM.attributes
                0x0000004a       0x2d CMakeFiles/Smart_home.elf.dir/Core/Src/dht11.c.obj
 .ARM.attributes
                0x00000077       0x2d CMakeFiles/Smart_home.elf.dir/Core/Src/gpio.c.obj
 .ARM.attributes
                0x000000a4       0x2d CMakeFiles/Smart_home.elf.dir/Core/Src/i2c.c.obj
 .ARM.attributes
                0x000000d1       0x2d CMakeFiles/Smart_home.elf.dir/Core/Src/main.c.obj
 .ARM.attributes
                0x000000fe       0x2d CMakeFiles/Smart_home.elf.dir/Core/Src/oled.c.obj
 .ARM.attributes
                0x0000012b       0x2d CMakeFiles/Smart_home.elf.dir/Core/Src/stm32f1xx_hal_msp.c.obj
 .ARM.attributes
                0x00000158       0x2d CMakeFiles/Smart_home.elf.dir/Core/Src/stm32f1xx_it.c.obj
 .ARM.attributes
                0x00000185       0x2d CMakeFiles/Smart_home.elf.dir/Core/Src/system_stm32f1xx.c.obj
 .ARM.attributes
                0x000001b2       0x2d CMakeFiles/Smart_home.elf.dir/Core/Src/tim.c.obj
 .ARM.attributes
                0x000001df       0x2d CMakeFiles/Smart_home.elf.dir/Drivers/STM32F1xx_HAL_Driver/Src/stm32f1xx_hal.c.obj
 .ARM.attributes
                0x0000020c       0x2d CMakeFiles/Smart_home.elf.dir/Drivers/STM32F1xx_HAL_Driver/Src/stm32f1xx_hal_cortex.c.obj
 .ARM.attributes
                0x00000239       0x2d CMakeFiles/Smart_home.elf.dir/Drivers/STM32F1xx_HAL_Driver/Src/stm32f1xx_hal_gpio.c.obj
 .ARM.attributes
                0x00000266       0x2d CMakeFiles/Smart_home.elf.dir/Drivers/STM32F1xx_HAL_Driver/Src/stm32f1xx_hal_i2c.c.obj
 .ARM.attributes
                0x00000293       0x2d CMakeFiles/Smart_home.elf.dir/Drivers/STM32F1xx_HAL_Driver/Src/stm32f1xx_hal_rcc.c.obj
 .ARM.attributes
                0x000002c0       0x2d CMakeFiles/Smart_home.elf.dir/Drivers/STM32F1xx_HAL_Driver/Src/stm32f1xx_hal_tim.c.obj
 .ARM.attributes
                0x000002ed       0x2d CMakeFiles/Smart_home.elf.dir/Drivers/STM32F1xx_HAL_Driver/Src/stm32f1xx_hal_tim_ex.c.obj
 .ARM.attributes
                0x0000031a       0x21 CMakeFiles/Smart_home.elf.dir/startup/startup_stm32f103xb.s.obj
 .ARM.attributes
                0x0000033b       0x2d e:/clion_stm32_windows/gcc-arm-none-eabi/bin/../lib/gcc/arm-none-eabi/9.3.1/../../../../arm-none-eabi/lib/thumb/v7-m/nofp\libg.a(lib_a-impure.o)
 .ARM.attributes
                0x00000368       0x2d e:/clion_stm32_windows/gcc-arm-none-eabi/bin/../lib/gcc/arm-none-eabi/9.3.1/../../../../arm-none-eabi/lib/thumb/v7-m/nofp\libg.a(lib_a-init.o)
 .ARM.attributes
                0x00000395       0x2d e:/clion_stm32_windows/gcc-arm-none-eabi/bin/../lib/gcc/arm-none-eabi/9.3.1/../../../../arm-none-eabi/lib/thumb/v7-m/nofp\libg.a(lib_a-__call_atexit.o)
 .ARM.attributes
                0x000003c2       0x2d e:/clion_stm32_windows/gcc-arm-none-eabi/bin/../lib/gcc/arm-none-eabi/9.3.1/../../../../arm-none-eabi/lib/thumb/v7-m/nofp\libg.a(lib_a-atexit.o)
 .ARM.attributes
                0x000003ef       0x2d e:/clion_stm32_windows/gcc-arm-none-eabi/bin/../lib/gcc/arm-none-eabi/9.3.1/../../../../arm-none-eabi/lib/thumb/v7-m/nofp\libg.a(lib_a-fini.o)
 .ARM.attributes
                0x0000041c       0x2d e:/clion_stm32_windows/gcc-arm-none-eabi/bin/../lib/gcc/arm-none-eabi/9.3.1/../../../../arm-none-eabi/lib/thumb/v7-m/nofp\libg.a(lib_a-lock.o)
 .ARM.attributes
                0x00000449       0x2d e:/clion_stm32_windows/gcc-arm-none-eabi/bin/../lib/gcc/arm-none-eabi/9.3.1/../../../../arm-none-eabi/lib/thumb/v7-m/nofp\libg.a(lib_a-__atexit.o)
 .ARM.attributes
                0x00000476       0x1d e:/clion_stm32_windows/gcc-arm-none-eabi/bin/../lib/gcc/arm-none-eabi/9.3.1/thumb/v7-m/nofp/crtn.o
OUTPUT(Smart_home.elf elf32-littlearm)
LOAD linker stubs
LOAD e:/clion_stm32_windows/gcc-arm-none-eabi/bin/../lib/gcc/arm-none-eabi/9.3.1/../../../../arm-none-eabi/lib/thumb/v7-m/nofp\libc.a
LOAD e:/clion_stm32_windows/gcc-arm-none-eabi/bin/../lib/gcc/arm-none-eabi/9.3.1/../../../../arm-none-eabi/lib/thumb/v7-m/nofp\libm.a
LOAD e:/clion_stm32_windows/gcc-arm-none-eabi/bin/../lib/gcc/arm-none-eabi/9.3.1/thumb/v7-m/nofp\libgcc.a

.debug_info     0x00000000    0x106d2
 .debug_info    0x00000000      0xba1 CMakeFiles/Smart_home.elf.dir/Core/Src/dht11.c.obj
 .debug_info    0x00000ba1      0x2a2 CMakeFiles/Smart_home.elf.dir/Core/Src/gpio.c.obj
 .debug_info    0x00000e43      0x973 CMakeFiles/Smart_home.elf.dir/Core/Src/i2c.c.obj
 .debug_info    0x000017b6     0x110c CMakeFiles/Smart_home.elf.dir/Core/Src/main.c.obj
 .debug_info    0x000028c2      0xed6 CMakeFiles/Smart_home.elf.dir/Core/Src/oled.c.obj
 .debug_info    0x00003798      0x2fd CMakeFiles/Smart_home.elf.dir/Core/Src/stm32f1xx_hal_msp.c.obj
 .debug_info    0x00003a95      0x239 CMakeFiles/Smart_home.elf.dir/Core/Src/stm32f1xx_it.c.obj
 .debug_info    0x00003cce      0x2c9 CMakeFiles/Smart_home.elf.dir/Core/Src/system_stm32f1xx.c.obj
 .debug_info    0x00003f97      0xcb6 CMakeFiles/Smart_home.elf.dir/Core/Src/tim.c.obj
 .debug_info    0x00004c4d      0x831 CMakeFiles/Smart_home.elf.dir/Drivers/STM32F1xx_HAL_Driver/Src/stm32f1xx_hal.c.obj
 .debug_info    0x0000547e      0xe46 CMakeFiles/Smart_home.elf.dir/Drivers/STM32F1xx_HAL_Driver/Src/stm32f1xx_hal_cortex.c.obj
 .debug_info    0x000062c4      0x75b CMakeFiles/Smart_home.elf.dir/Drivers/STM32F1xx_HAL_Driver/Src/stm32f1xx_hal_gpio.c.obj
 .debug_info    0x00006a1f     0x3b33 CMakeFiles/Smart_home.elf.dir/Drivers/STM32F1xx_HAL_Driver/Src/stm32f1xx_hal_i2c.c.obj
 .debug_info    0x0000a552      0xaab CMakeFiles/Smart_home.elf.dir/Drivers/STM32F1xx_HAL_Driver/Src/stm32f1xx_hal_rcc.c.obj
 .debug_info    0x0000affd     0x3be0 CMakeFiles/Smart_home.elf.dir/Drivers/STM32F1xx_HAL_Driver/Src/stm32f1xx_hal_tim.c.obj
 .debug_info    0x0000ebdd     0x1ad3 CMakeFiles/Smart_home.elf.dir/Drivers/STM32F1xx_HAL_Driver/Src/stm32f1xx_hal_tim_ex.c.obj
 .debug_info    0x000106b0       0x22 CMakeFiles/Smart_home.elf.dir/startup/startup_stm32f103xb.s.obj

.debug_abbrev   0x00000000     0x2107
 .debug_abbrev  0x00000000      0x23f CMakeFiles/Smart_home.elf.dir/Core/Src/dht11.c.obj
 .debug_abbrev  0x0000023f      0x11a CMakeFiles/Smart_home.elf.dir/Core/Src/gpio.c.obj
 .debug_abbrev  0x00000359      0x1ed CMakeFiles/Smart_home.elf.dir/Core/Src/i2c.c.obj
 .debug_abbrev  0x00000546      0x248 CMakeFiles/Smart_home.elf.dir/Core/Src/main.c.obj
 .debug_abbrev  0x0000078e      0x227 CMakeFiles/Smart_home.elf.dir/Core/Src/oled.c.obj
 .debug_abbrev  0x000009b5      0x12e CMakeFiles/Smart_home.elf.dir/Core/Src/stm32f1xx_hal_msp.c.obj
 .debug_abbrev  0x00000ae3       0xef CMakeFiles/Smart_home.elf.dir/Core/Src/stm32f1xx_it.c.obj
 .debug_abbrev  0x00000bd2      0x151 CMakeFiles/Smart_home.elf.dir/Core/Src/system_stm32f1xx.c.obj
 .debug_abbrev  0x00000d23      0x21a CMakeFiles/Smart_home.elf.dir/Core/Src/tim.c.obj
 .debug_abbrev  0x00000f3d      0x219 CMakeFiles/Smart_home.elf.dir/Drivers/STM32F1xx_HAL_Driver/Src/stm32f1xx_hal.c.obj
 .debug_abbrev  0x00001156      0x367 CMakeFiles/Smart_home.elf.dir/Drivers/STM32F1xx_HAL_Driver/Src/stm32f1xx_hal_cortex.c.obj
 .debug_abbrev  0x000014bd      0x213 CMakeFiles/Smart_home.elf.dir/Drivers/STM32F1xx_HAL_Driver/Src/stm32f1xx_hal_gpio.c.obj
 .debug_abbrev  0x000016d0      0x2bf CMakeFiles/Smart_home.elf.dir/Drivers/STM32F1xx_HAL_Driver/Src/stm32f1xx_hal_i2c.c.obj
 .debug_abbrev  0x0000198f      0x28d CMakeFiles/Smart_home.elf.dir/Drivers/STM32F1xx_HAL_Driver/Src/stm32f1xx_hal_rcc.c.obj
 .debug_abbrev  0x00001c1c      0x26b CMakeFiles/Smart_home.elf.dir/Drivers/STM32F1xx_HAL_Driver/Src/stm32f1xx_hal_tim.c.obj
 .debug_abbrev  0x00001e87      0x26e CMakeFiles/Smart_home.elf.dir/Drivers/STM32F1xx_HAL_Driver/Src/stm32f1xx_hal_tim_ex.c.obj
 .debug_abbrev  0x000020f5       0x12 CMakeFiles/Smart_home.elf.dir/startup/startup_stm32f103xb.s.obj

.debug_loc      0x00000000     0xc020
 .debug_loc     0x00000000      0x1cb CMakeFiles/Smart_home.elf.dir/Core/Src/dht11.c.obj
 .debug_loc     0x000001cb       0x67 CMakeFiles/Smart_home.elf.dir/Core/Src/i2c.c.obj
 .debug_loc     0x00000232       0x91 CMakeFiles/Smart_home.elf.dir/Core/Src/main.c.obj
 .debug_loc     0x000002c3      0x6c6 CMakeFiles/Smart_home.elf.dir/Core/Src/oled.c.obj
 .debug_loc     0x00000989       0x15 CMakeFiles/Smart_home.elf.dir/Core/Src/stm32f1xx_hal_msp.c.obj
 .debug_loc     0x0000099e       0xff CMakeFiles/Smart_home.elf.dir/Core/Src/system_stm32f1xx.c.obj
 .debug_loc     0x00000a9d       0x42 CMakeFiles/Smart_home.elf.dir/Core/Src/tim.c.obj
 .debug_loc     0x00000adf      0x141 CMakeFiles/Smart_home.elf.dir/Drivers/STM32F1xx_HAL_Driver/Src/stm32f1xx_hal.c.obj
 .debug_loc     0x00000c20      0x71f CMakeFiles/Smart_home.elf.dir/Drivers/STM32F1xx_HAL_Driver/Src/stm32f1xx_hal_cortex.c.obj
 .debug_loc     0x0000133f      0x468 CMakeFiles/Smart_home.elf.dir/Drivers/STM32F1xx_HAL_Driver/Src/stm32f1xx_hal_gpio.c.obj
 .debug_loc     0x000017a7     0x4108 CMakeFiles/Smart_home.elf.dir/Drivers/STM32F1xx_HAL_Driver/Src/stm32f1xx_hal_i2c.c.obj
 .debug_loc     0x000058af      0x610 CMakeFiles/Smart_home.elf.dir/Drivers/STM32F1xx_HAL_Driver/Src/stm32f1xx_hal_rcc.c.obj
 .debug_loc     0x00005ebf     0x46d6 CMakeFiles/Smart_home.elf.dir/Drivers/STM32F1xx_HAL_Driver/Src/stm32f1xx_hal_tim.c.obj
 .debug_loc     0x0000a595     0x1a8b CMakeFiles/Smart_home.elf.dir/Drivers/STM32F1xx_HAL_Driver/Src/stm32f1xx_hal_tim_ex.c.obj

.debug_aranges  0x00000000      0xc98
 .debug_aranges
                0x00000000       0x40 CMakeFiles/Smart_home.elf.dir/Core/Src/dht11.c.obj
 .debug_aranges
                0x00000040       0x20 CMakeFiles/Smart_home.elf.dir/Core/Src/gpio.c.obj
 .debug_aranges
                0x00000060       0x30 CMakeFiles/Smart_home.elf.dir/Core/Src/i2c.c.obj
 .debug_aranges
                0x00000090       0x40 CMakeFiles/Smart_home.elf.dir/Core/Src/main.c.obj
 .debug_aranges
                0x000000d0       0x88 CMakeFiles/Smart_home.elf.dir/Core/Src/oled.c.obj
 .debug_aranges
                0x00000158       0x20 CMakeFiles/Smart_home.elf.dir/Core/Src/stm32f1xx_hal_msp.c.obj
 .debug_aranges
                0x00000178       0x60 CMakeFiles/Smart_home.elf.dir/Core/Src/stm32f1xx_it.c.obj
 .debug_aranges
                0x000001d8       0x28 CMakeFiles/Smart_home.elf.dir/Core/Src/system_stm32f1xx.c.obj
 .debug_aranges
                0x00000200       0x40 CMakeFiles/Smart_home.elf.dir/Core/Src/tim.c.obj
 .debug_aranges
                0x00000240       0xe0 CMakeFiles/Smart_home.elf.dir/Drivers/STM32F1xx_HAL_Driver/Src/stm32f1xx_hal.c.obj
 .debug_aranges
                0x00000320       0x90 CMakeFiles/Smart_home.elf.dir/Drivers/STM32F1xx_HAL_Driver/Src/stm32f1xx_hal_cortex.c.obj
 .debug_aranges
                0x000003b0       0x58 CMakeFiles/Smart_home.elf.dir/Drivers/STM32F1xx_HAL_Driver/Src/stm32f1xx_hal_gpio.c.obj
 .debug_aranges
                0x00000408      0x2a0 CMakeFiles/Smart_home.elf.dir/Drivers/STM32F1xx_HAL_Driver/Src/stm32f1xx_hal_i2c.c.obj
 .debug_aranges
                0x000006a8       0x90 CMakeFiles/Smart_home.elf.dir/Drivers/STM32F1xx_HAL_Driver/Src/stm32f1xx_hal_rcc.c.obj
 .debug_aranges
                0x00000738      0x3d0 CMakeFiles/Smart_home.elf.dir/Drivers/STM32F1xx_HAL_Driver/Src/stm32f1xx_hal_tim.c.obj
 .debug_aranges
                0x00000b08      0x168 CMakeFiles/Smart_home.elf.dir/Drivers/STM32F1xx_HAL_Driver/Src/stm32f1xx_hal_tim_ex.c.obj
 .debug_aranges
                0x00000c70       0x28 CMakeFiles/Smart_home.elf.dir/startup/startup_stm32f103xb.s.obj

.debug_ranges   0x00000000      0xc28
 .debug_ranges  0x00000000       0x30 CMakeFiles/Smart_home.elf.dir/Core/Src/dht11.c.obj
 .debug_ranges  0x00000030       0x10 CMakeFiles/Smart_home.elf.dir/Core/Src/gpio.c.obj
 .debug_ranges  0x00000040       0x20 CMakeFiles/Smart_home.elf.dir/Core/Src/i2c.c.obj
 .debug_ranges  0x00000060       0x30 CMakeFiles/Smart_home.elf.dir/Core/Src/main.c.obj
 .debug_ranges  0x00000090       0x78 CMakeFiles/Smart_home.elf.dir/Core/Src/oled.c.obj
 .debug_ranges  0x00000108       0x10 CMakeFiles/Smart_home.elf.dir/Core/Src/stm32f1xx_hal_msp.c.obj
 .debug_ranges  0x00000118       0x50 CMakeFiles/Smart_home.elf.dir/Core/Src/stm32f1xx_it.c.obj
 .debug_ranges  0x00000168       0x18 CMakeFiles/Smart_home.elf.dir/Core/Src/system_stm32f1xx.c.obj
 .debug_ranges  0x00000180       0x30 CMakeFiles/Smart_home.elf.dir/Core/Src/tim.c.obj
 .debug_ranges  0x000001b0       0xd0 CMakeFiles/Smart_home.elf.dir/Drivers/STM32F1xx_HAL_Driver/Src/stm32f1xx_hal.c.obj
 .debug_ranges  0x00000280       0xe0 CMakeFiles/Smart_home.elf.dir/Drivers/STM32F1xx_HAL_Driver/Src/stm32f1xx_hal_cortex.c.obj
 .debug_ranges  0x00000360       0x48 CMakeFiles/Smart_home.elf.dir/Drivers/STM32F1xx_HAL_Driver/Src/stm32f1xx_hal_gpio.c.obj
 .debug_ranges  0x000003a8      0x2a8 CMakeFiles/Smart_home.elf.dir/Drivers/STM32F1xx_HAL_Driver/Src/stm32f1xx_hal_i2c.c.obj
 .debug_ranges  0x00000650       0xa0 CMakeFiles/Smart_home.elf.dir/Drivers/STM32F1xx_HAL_Driver/Src/stm32f1xx_hal_rcc.c.obj
 .debug_ranges  0x000006f0      0x3c0 CMakeFiles/Smart_home.elf.dir/Drivers/STM32F1xx_HAL_Driver/Src/stm32f1xx_hal_tim.c.obj
 .debug_ranges  0x00000ab0      0x158 CMakeFiles/Smart_home.elf.dir/Drivers/STM32F1xx_HAL_Driver/Src/stm32f1xx_hal_tim_ex.c.obj
 .debug_ranges  0x00000c08       0x20 CMakeFiles/Smart_home.elf.dir/startup/startup_stm32f103xb.s.obj

.debug_line     0x00000000     0xfd60
 .debug_line    0x00000000      0x4da CMakeFiles/Smart_home.elf.dir/Core/Src/dht11.c.obj
 .debug_line    0x000004da      0x23b CMakeFiles/Smart_home.elf.dir/Core/Src/gpio.c.obj
 .debug_line    0x00000715      0x39c CMakeFiles/Smart_home.elf.dir/Core/Src/i2c.c.obj
 .debug_line    0x00000ab1      0x4fd CMakeFiles/Smart_home.elf.dir/Core/Src/main.c.obj
 .debug_line    0x00000fae      0x7b7 CMakeFiles/Smart_home.elf.dir/Core/Src/oled.c.obj
 .debug_line    0x00001765      0x243 CMakeFiles/Smart_home.elf.dir/Core/Src/stm32f1xx_hal_msp.c.obj
 .debug_line    0x000019a8      0x30e CMakeFiles/Smart_home.elf.dir/Core/Src/stm32f1xx_it.c.obj
 .debug_line    0x00001cb6      0x2f6 CMakeFiles/Smart_home.elf.dir/Core/Src/system_stm32f1xx.c.obj
 .debug_line    0x00001fac      0x50b CMakeFiles/Smart_home.elf.dir/Core/Src/tim.c.obj
 .debug_line    0x000024b7      0x586 CMakeFiles/Smart_home.elf.dir/Drivers/STM32F1xx_HAL_Driver/Src/stm32f1xx_hal.c.obj
 .debug_line    0x00002a3d      0x6dc CMakeFiles/Smart_home.elf.dir/Drivers/STM32F1xx_HAL_Driver/Src/stm32f1xx_hal_cortex.c.obj
 .debug_line    0x00003119      0x688 CMakeFiles/Smart_home.elf.dir/Drivers/STM32F1xx_HAL_Driver/Src/stm32f1xx_hal_gpio.c.obj
 .debug_line    0x000037a1     0x5564 CMakeFiles/Smart_home.elf.dir/Drivers/STM32F1xx_HAL_Driver/Src/stm32f1xx_hal_i2c.c.obj
 .debug_line    0x00008d05      0xca3 CMakeFiles/Smart_home.elf.dir/Drivers/STM32F1xx_HAL_Driver/Src/stm32f1xx_hal_rcc.c.obj
 .debug_line    0x000099a8     0x470f CMakeFiles/Smart_home.elf.dir/Drivers/STM32F1xx_HAL_Driver/Src/stm32f1xx_hal_tim.c.obj
 .debug_line    0x0000e0b7     0x1c0a CMakeFiles/Smart_home.elf.dir/Drivers/STM32F1xx_HAL_Driver/Src/stm32f1xx_hal_tim_ex.c.obj
 .debug_line    0x0000fcc1       0x9f CMakeFiles/Smart_home.elf.dir/startup/startup_stm32f103xb.s.obj

.debug_str      0x00000000     0x3b47
 .debug_str     0x00000000      0x7d8 CMakeFiles/Smart_home.elf.dir/Core/Src/dht11.c.obj
                                0x8a9 (size before relaxing)
 .debug_str     0x000007d8       0x85 CMakeFiles/Smart_home.elf.dir/Core/Src/gpio.c.obj
                                0x2fe (size before relaxing)
 .debug_str     0x0000085d      0x344 CMakeFiles/Smart_home.elf.dir/Core/Src/i2c.c.obj
                                0x83b (size before relaxing)
 .debug_str     0x00000ba1      0x22b CMakeFiles/Smart_home.elf.dir/Core/Src/main.c.obj
                                0xc63 (size before relaxing)
 .debug_str     0x00000dcc       0xf2 CMakeFiles/Smart_home.elf.dir/Core/Src/oled.c.obj
                                0x82b (size before relaxing)
 .debug_str     0x00000ebe       0x79 CMakeFiles/Smart_home.elf.dir/Core/Src/stm32f1xx_hal_msp.c.obj
                                0x338 (size before relaxing)
 .debug_str     0x00000f37       0xd6 CMakeFiles/Smart_home.elf.dir/Core/Src/stm32f1xx_it.c.obj
                                0x34f (size before relaxing)
 .debug_str     0x0000100d       0x71 CMakeFiles/Smart_home.elf.dir/Core/Src/system_stm32f1xx.c.obj
                                0x32f (size before relaxing)
 .debug_str     0x0000107e      0x209 CMakeFiles/Smart_home.elf.dir/Core/Src/tim.c.obj
                                0xa47 (size before relaxing)
 .debug_str     0x00001287      0x58c CMakeFiles/Smart_home.elf.dir/Drivers/STM32F1xx_HAL_Driver/Src/stm32f1xx_hal.c.obj
                                0x8ac (size before relaxing)
 .debug_str     0x00001813      0x3da CMakeFiles/Smart_home.elf.dir/Drivers/STM32F1xx_HAL_Driver/Src/stm32f1xx_hal_cortex.c.obj
                                0x9c8 (size before relaxing)
 .debug_str     0x00001bed      0x123 CMakeFiles/Smart_home.elf.dir/Drivers/STM32F1xx_HAL_Driver/Src/stm32f1xx_hal_gpio.c.obj
                                0x519 (size before relaxing)
 .debug_str     0x00001d10      0x8fc CMakeFiles/Smart_home.elf.dir/Drivers/STM32F1xx_HAL_Driver/Src/stm32f1xx_hal_i2c.c.obj
                               0x10af (size before relaxing)
 .debug_str     0x0000260c      0x1f3 CMakeFiles/Smart_home.elf.dir/Drivers/STM32F1xx_HAL_Driver/Src/stm32f1xx_hal_rcc.c.obj
                                0x6fb (size before relaxing)
 .debug_str     0x000027ff      0xdb7 CMakeFiles/Smart_home.elf.dir/Drivers/STM32F1xx_HAL_Driver/Src/stm32f1xx_hal_tim.c.obj
                               0x1751 (size before relaxing)
 .debug_str     0x000035b6      0x543 CMakeFiles/Smart_home.elf.dir/Drivers/STM32F1xx_HAL_Driver/Src/stm32f1xx_hal_tim_ex.c.obj
                                0xf52 (size before relaxing)
 .debug_str     0x00003af9       0x4e CMakeFiles/Smart_home.elf.dir/startup/startup_stm32f103xb.s.obj
                                 0x82 (size before relaxing)

.comment        0x00000000       0x4c
 .comment       0x00000000       0x4c CMakeFiles/Smart_home.elf.dir/Core/Src/dht11.c.obj
                                 0x4d (size before relaxing)
 .comment       0x0000004c       0x4d CMakeFiles/Smart_home.elf.dir/Core/Src/gpio.c.obj
 .comment       0x0000004c       0x4d CMakeFiles/Smart_home.elf.dir/Core/Src/i2c.c.obj
 .comment       0x0000004c       0x4d CMakeFiles/Smart_home.elf.dir/Core/Src/main.c.obj
 .comment       0x0000004c       0x4d CMakeFiles/Smart_home.elf.dir/Core/Src/oled.c.obj
 .comment       0x0000004c       0x4d CMakeFiles/Smart_home.elf.dir/Core/Src/stm32f1xx_hal_msp.c.obj
 .comment       0x0000004c       0x4d CMakeFiles/Smart_home.elf.dir/Core/Src/stm32f1xx_it.c.obj
 .comment       0x0000004c       0x4d CMakeFiles/Smart_home.elf.dir/Core/Src/system_stm32f1xx.c.obj
 .comment       0x0000004c       0x4d CMakeFiles/Smart_home.elf.dir/Core/Src/tim.c.obj
 .comment       0x0000004c       0x4d CMakeFiles/Smart_home.elf.dir/Drivers/STM32F1xx_HAL_Driver/Src/stm32f1xx_hal.c.obj
 .comment       0x0000004c       0x4d CMakeFiles/Smart_home.elf.dir/Drivers/STM32F1xx_HAL_Driver/Src/stm32f1xx_hal_cortex.c.obj
 .comment       0x0000004c       0x4d CMakeFiles/Smart_home.elf.dir/Drivers/STM32F1xx_HAL_Driver/Src/stm32f1xx_hal_gpio.c.obj
 .comment       0x0000004c       0x4d CMakeFiles/Smart_home.elf.dir/Drivers/STM32F1xx_HAL_Driver/Src/stm32f1xx_hal_i2c.c.obj
 .comment       0x0000004c       0x4d CMakeFiles/Smart_home.elf.dir/Drivers/STM32F1xx_HAL_Driver/Src/stm32f1xx_hal_rcc.c.obj
 .comment       0x0000004c       0x4d CMakeFiles/Smart_home.elf.dir/Drivers/STM32F1xx_HAL_Driver/Src/stm32f1xx_hal_tim.c.obj
 .comment       0x0000004c       0x4d CMakeFiles/Smart_home.elf.dir/Drivers/STM32F1xx_HAL_Driver/Src/stm32f1xx_hal_tim_ex.c.obj

.debug_frame    0x00000000     0x24d8
 .debug_frame   0x00000000       0x9c CMakeFiles/Smart_home.elf.dir/Core/Src/dht11.c.obj
 .debug_frame   0x0000009c       0x28 CMakeFiles/Smart_home.elf.dir/Core/Src/gpio.c.obj
 .debug_frame   0x000000c4       0x60 CMakeFiles/Smart_home.elf.dir/Core/Src/i2c.c.obj
 .debug_frame   0x00000124       0x94 CMakeFiles/Smart_home.elf.dir/Core/Src/main.c.obj
 .debug_frame   0x000001b8      0x198 CMakeFiles/Smart_home.elf.dir/Core/Src/oled.c.obj
 .debug_frame   0x00000350       0x28 CMakeFiles/Smart_home.elf.dir/Core/Src/stm32f1xx_hal_msp.c.obj
 .debug_frame   0x00000378       0xa8 CMakeFiles/Smart_home.elf.dir/Core/Src/stm32f1xx_it.c.obj
 .debug_frame   0x00000420       0x30 CMakeFiles/Smart_home.elf.dir/Core/Src/system_stm32f1xx.c.obj
 .debug_frame   0x00000450       0x9c CMakeFiles/Smart_home.elf.dir/Core/Src/tim.c.obj
 .debug_frame   0x000004ec      0x1cc CMakeFiles/Smart_home.elf.dir/Drivers/STM32F1xx_HAL_Driver/Src/stm32f1xx_hal.c.obj
 .debug_frame   0x000006b8      0x12c CMakeFiles/Smart_home.elf.dir/Drivers/STM32F1xx_HAL_Driver/Src/stm32f1xx_hal_cortex.c.obj
 .debug_frame   0x000007e4       0xe8 CMakeFiles/Smart_home.elf.dir/Drivers/STM32F1xx_HAL_Driver/Src/stm32f1xx_hal_gpio.c.obj
 .debug_frame   0x000008cc      0x970 CMakeFiles/Smart_home.elf.dir/Drivers/STM32F1xx_HAL_Driver/Src/stm32f1xx_hal_i2c.c.obj
 .debug_frame   0x0000123c      0x190 CMakeFiles/Smart_home.elf.dir/Drivers/STM32F1xx_HAL_Driver/Src/stm32f1xx_hal_rcc.c.obj
 .debug_frame   0x000013cc      0xb2c CMakeFiles/Smart_home.elf.dir/Drivers/STM32F1xx_HAL_Driver/Src/stm32f1xx_hal_tim.c.obj
 .debug_frame   0x00001ef8      0x420 CMakeFiles/Smart_home.elf.dir/Drivers/STM32F1xx_HAL_Driver/Src/stm32f1xx_hal_tim_ex.c.obj
 .debug_frame   0x00002318       0x2c e:/clion_stm32_windows/gcc-arm-none-eabi/bin/../lib/gcc/arm-none-eabi/9.3.1/../../../../arm-none-eabi/lib/thumb/v7-m/nofp\libg.a(lib_a-init.o)
 .debug_frame   0x00002344       0x5c e:/clion_stm32_windows/gcc-arm-none-eabi/bin/../lib/gcc/arm-none-eabi/9.3.1/../../../../arm-none-eabi/lib/thumb/v7-m/nofp\libg.a(lib_a-__call_atexit.o)
 .debug_frame   0x000023a0       0x20 e:/clion_stm32_windows/gcc-arm-none-eabi/bin/../lib/gcc/arm-none-eabi/9.3.1/../../../../arm-none-eabi/lib/thumb/v7-m/nofp\libg.a(lib_a-atexit.o)
 .debug_frame   0x000023c0       0x34 e:/clion_stm32_windows/gcc-arm-none-eabi/bin/../lib/gcc/arm-none-eabi/9.3.1/../../../../arm-none-eabi/lib/thumb/v7-m/nofp\libg.a(lib_a-fini.o)
 .debug_frame   0x000023f4       0xb0 e:/clion_stm32_windows/gcc-arm-none-eabi/bin/../lib/gcc/arm-none-eabi/9.3.1/../../../../arm-none-eabi/lib/thumb/v7-m/nofp\libg.a(lib_a-lock.o)
 .debug_frame   0x000024a4       0x34 e:/clion_stm32_windows/gcc-arm-none-eabi/bin/../lib/gcc/arm-none-eabi/9.3.1/../../../../arm-none-eabi/lib/thumb/v7-m/nofp\libg.a(lib_a-__atexit.o)
